// Jest Snapshot v1, https://goo.gl/fbAQLP

exports[`sortUnits sorts by street and number 1`] = `
Array [
  "8 Milk St",
  "10 Milk St",
  "10 Milk St #306",
  "10 Milk St #320",
  "10 Milk St #332",
  "10 Milk St #337",
  "10 Milk St #1010",
  "10 Milk St #1100",
  "14 Milk St",
  "9 Spring Ln",
  "280 Washington St",
  "280-300 Washington St",
  "280-306 Washington St",
  "288 Washington St",
  "290 Washington St",
  "292 Washington St",
  "294 Washington St",
  "294 Washington St #5",
  "294 Washington St #7",
  "294 Washington St #173",
  "294 Washington St #411",
  "294 Washington St #435",
  "294 Washington St #640",
  "294 Washington St Ste 219",
  "294 Washington St Ste 301",
  "294 Washington St Ste 312",
  "294 Washington St Ste 338",
  "294 Washington St Ste 410",
  "294 Washington St Ste 416",
  "294 Washington St Ste 417",
  "294 Washington St Ste 429",
  "294 Washington St Ste 443",
  "294 Washington St Ste 652",
  "294 Washington St Ste 654",
  "296 Washington St",
  "298 Washington St",
  "300 Washington St",
  "306 Washington St",
]
`;
