// Jest Snapshot v1, https://goo.gl/fbAQLP

exports[`rendering 1`] = `
<div
  className="mn mn--nv-s"
>
  <nav
    className="nv-s nv-s--y nv-s--sticky"
  >
    <input
      aria-hidden={true}
      className="nv-s-tr"
      id="nv-s-tr"
      type="checkbox"
    />
    <ul
      className="nv-s-l"
    >
      <li
        className="nv-s-l-i"
      >
        <label
          className="nv-s-l-b"
          htmlFor="nv-s-tr"
          type="button"
        >
          Navigation
        </label>
      </li>
      <li
        className="nv-s-l-i"
      >
        <a
          className="nv-s-l-a "
          href="/"
          onClick={[Function]}
        >
          Report a problem
        </a>
      </li>
      <li
        className="nv-s-l-i"
      >
        <a
          className="nv-s-l-a "
          href="/search"
          onClick={[Function]}
        >
          Search cases
        </a>
      </li>
      <li
        className="nv-s-l-i"
      >
        <a
          className="nv-s-l-a "
          href="/services"
          onClick={[Function]}
        >
          All services
        </a>
      </li>
      <li
        className="nv-s-l-i"
      >
        <a
          className="nv-s-l-a nv-s-l-a--active"
          href="/faq"
          onClick={[Function]}
        >
          FAQ
        </a>
      </li>
    </ul>
  </nav>
  <div
    className="b"
  >
    <div
      className="b-c"
    >
      <div
        className="sh sh--y"
      >
        <h1
          className="sh-title"
        >
          How to 311
        </h1>
      </div>
      <div
        className="g m-v500"
      >
        <a
          className="lwi lwi--y g--3 m-v100 css-xqv99i"
          href="https://twitter.com/bos311"
        >
          <div
            className="lwi-ic"
          >
            <div
              className="img lwi-i"
            />
          </div>
          <span
            className="lwi-t"
          >
            Tweet @bos311
          </span>
        </a>
        <a
          className="lwi lwi--y g--3 m-v100 css-s2pko5"
          href="tel:+311"
        >
          <div
            className="lwi-ic"
          >
            <div
              className="img lwi-i"
            />
          </div>
          <span
            className="lwi-t"
          >
            Dial 311
          </span>
        </a>
        <a
          className="lwi lwi--y g--3 m-v100 css-1ptlamp"
          href="https://www.boston.gov/departments/innovation-and-technology/apps#bos-311"
        >
          <div
            className="lwi-ic"
          >
            <div
              className="img lwi-i"
            />
          </div>
          <span
            className="lwi-t"
          >
            Download the App
          </span>
        </a>
        <a
          className="lwi lwi--y g--3 m-v100 css-jvor5j"
          href="/"
        >
          <div
            className="lwi-ic"
          >
            <div
              className="img lwi-i"
            />
          </div>
          <span
            className="lwi-t"
          >
            Use this site
          </span>
        </a>
      </div>
    </div>
  </div>
  <div
    className="b b--g"
  >
    <div
      className="b-c"
    >
      <div
        className="sh sh--y"
      >
        <h1
          className="sh-title"
        >
          FAQ
        </h1>
      </div>
    </div>
  </div>
</div>
`;
