// Jest Snapshot v1, https://goo.gl/fbAQLP

exports[`rendering renders a 404 1`] = `
<div>
  <nav
    className="nv-s nv-s--sticky"
    data-jsx={3477795240}
  >
    <div
      className="nv-s-l bar"
      data-jsx={3477795240}
    >
      <a
        className="nv-s-l-b back-link"
        data-jsx={3477795240}
        href="/death/checkout"
        onClick={[Function]}
      >
        Checkout
      </a>
      <a
        className="cart-link"
        data-jsx={3477795240}
        href="/death/checkout"
        onClick={[Function]}
      >
        0
      </a>
    </div>
  </nav>
  <div
    className="p-a300"
  >
    <div
      className="sh sh--b0"
    >
      <h1
        className="sh-title"
        style={
          Object {
            "marginBottom": 0,
          }
        }
      >
        Deceased Details
      </h1>
    </div>
  </div>
  <div
    className="p-a300 b--w"
  />
</div>
`;

exports[`rendering renders a certificate 1`] = `
<div>
  <nav
    className="nv-s nv-s--sticky"
    data-jsx={3477795240}
  >
    <div
      className="nv-s-l bar"
      data-jsx={3477795240}
    >
      <a
        className="nv-s-l-b back-link"
        data-jsx={3477795240}
        href="/death/checkout"
        onClick={[Function]}
      >
        Checkout
      </a>
      <a
        className="cart-link"
        data-jsx={3477795240}
        href="/death/checkout"
        onClick={[Function]}
      >
        0
      </a>
    </div>
  </nav>
  <div
    className="p-a300"
  >
    <div
      className="sh sh--b0"
    >
      <h1
        className="sh-title"
        style={
          Object {
            "marginBottom": 0,
          }
        }
      >
        Deceased Details
      </h1>
    </div>
  </div>
  <div
    className="p-a300 b--w"
  />
</div>
`;
