// Jest Snapshot v1, https://goo.gl/fbAQLP

exports[`controller getInitialProps searches when given a query 1`] = `
Object {
  "query": "Monkey Joe",
  "results": Object {
    "page": 0,
    "pageCount": 10,
    "pageSize": 5,
    "resultCount": 50,
    "results": Array [
      Object {
        "age": "5/1/1962",
        "deathDate": "3/4/2016",
        "deathYear": "2016",
        "firstName": "Bruce",
        "id": "000002",
        "lastName": "Banner",
        "pending": false,
      },
      Object {
        "age": "44 yrs. 2 mos. 10 dys",
        "deathDate": "4/15/2014",
        "deathYear": "2014",
        "firstName": "Logan",
        "id": "000001",
        "lastName": "Howlett",
        "pending": true,
      },
      Object {
        "age": "6",
        "deathDate": null,
        "deathYear": "2004",
        "firstName": "Monkey",
        "id": "000003",
        "lastName": "Joe",
        "pending": false,
      },
    ],
  },
}
`;

exports[`controller getInitialProps works with no query 1`] = `
Object {
  "query": "",
  "results": null,
}
`;
