// Jest Snapshot v1, https://goo.gl/fbAQLP

exports[`rendering active 1`] = `
<div
  className={
    Object {
      "data-css-104odnn": "",
    }
  }
>
  <div
    className={
      Object {
        "data-css-19ud92s": "",
      }
    }
    style={
      Object {
        "opacity": 0.6,
      }
    }
  />
</div>
`;
