// Jest Snapshot v1, https://goo.gl/fbAQLP

exports[`Storyshots ApplyPage default 1`] = `
<div
  className="mn"
>
  <div
    className="b b-c"
  >
    <div
      className="sh m-b300"
    >
      <h2
        className="sh-title"
      >
        Applicant Information
      </h2>
    </div>
    <form
      onSubmit={[Function]}
    >
      <div
        className="g"
      >
        <div
          className="g--6 m-b300 css-gg4vpm"
        >
          <div
            style={
              Object {
                "marginRight": "1.5em",
              }
            }
          >
            <label
              className="txt-l txt-l--sm"
              htmlFor="FeedbackForm-prefix"
            >
              Prefix
            </label>
            <div
              className="sel-c sel-c--thin"
            >
              <select
                className="sel-f sel-f--thin"
                id="FeedbackForm-prefix"
              >
                <option>
                  Mr
                </option>
                <option>
                  Mrs
                </option>
                <option>
                  Miss
                </option>
                <option>
                  Mx
                </option>
              </select>
            </div>
          </div>
          <div
            className="txt"
            style={Object {}}
          >
            <label
              className="txt-l txt-l--sm"
              htmlFor="firstName"
            >
              First Name
              <span
                aria-hidden="true"
                className="t--req"
              >
                 
                Required
              </span>
            </label>
            <input
              className="css-i9gxme txt-f txt-f--sm "
              id="firstName"
              onBlur={[Function]}
              onChange={[Function]}
              placeholder="First Name"
              required={true}
              type="text"
              value=""
              variant="small"
            />
            <div
              className="t--subinfo t--err m-t100"
            >
               
            </div>
          </div>
        </div>
        <div
          className="g--1 m-b300"
        >
          <div
            className="txt"
            style={Object {}}
          >
            <label
              className="txt-l txt-l--sm"
              htmlFor="middleName"
            >
              Initial
            </label>
            <input
              className=" txt-f txt-f--sm "
              id="middleName"
              onBlur={[Function]}
              onChange={[Function]}
              type="text"
              value=""
              variant="small"
            />
            <div
              className="t--subinfo t--err m-t100"
            >
               
            </div>
          </div>
        </div>
        <div
          className="g--5 m-b300"
        >
          <div
            className="txt"
            style={Object {}}
          >
            <label
              className="txt-l txt-l--sm"
              htmlFor="lastName"
            >
              Last Name
              <span
                aria-hidden="true"
                className="t--req"
              >
                 
                Required
              </span>
            </label>
            <input
              className=" txt-f txt-f--sm "
              id="lastName"
              onBlur={[Function]}
              onChange={[Function]}
              placeholder="Last Name"
              required={true}
              type="text"
              value=""
              variant="small"
            />
            <div
              className="t--subinfo t--err m-t100"
            >
               
            </div>
          </div>
        </div>
      </div>
      <div
        className="g"
      >
        <div
          className="g--9 m-b300"
        >
          <div
            className="txt"
            style={Object {}}
          >
            <label
              className="txt-l txt-l--sm"
              htmlFor="streetAddress"
            >
              Street Address
              <span
                aria-hidden="true"
                className="t--req"
              >
                 
                Required
              </span>
            </label>
            <input
              className=" txt-f txt-f--sm "
              id="streetAddress"
              onBlur={[Function]}
              onChange={[Function]}
              placeholder="Street Address"
              required={true}
              type="text"
              value=""
              variant="small"
            />
            <div
              className="t--subinfo t--err m-t100"
            >
               
            </div>
          </div>
        </div>
        <div
          className="g--3 m-b300"
        >
          <div
            className="txt"
            style={Object {}}
          >
            <label
              className="txt-l txt-l--sm"
              htmlFor="unit"
            >
              Unit
            </label>
            <input
              className=" txt-f txt-f--sm "
              id="unit"
              onBlur={[Function]}
              onChange={[Function]}
              placeholder="Unit or Apartment #"
              type="text"
              value=""
              variant="small"
            />
            <div
              className="t--subinfo t--err m-t100"
            >
               
            </div>
          </div>
        </div>
      </div>
      <div
        className="g"
      >
        <div
          className="g--7 m-b300"
        >
          <div
            className="txt"
            style={Object {}}
          >
            <label
              className="txt-l txt-l--sm"
              htmlFor="city"
            >
              City
              <span
                aria-hidden="true"
                className="t--req"
              >
                 
                Required
              </span>
            </label>
            <input
              className=" txt-f txt-f--sm "
              id="city"
              onBlur={[Function]}
              onChange={[Function]}
              placeholder="City"
              required={true}
              type="text"
              value=""
              variant="small"
            />
            <div
              className="t--subinfo t--err m-t100"
            >
               
            </div>
          </div>
        </div>
        <div
          className="g--2 m-b300"
        >
          <div
            className="txt"
            style={Object {}}
          >
            <label
              className="txt-l txt-l--sm"
              htmlFor="state"
            >
              State
              <span
                aria-hidden="true"
                className="t--req"
              >
                 
                Required
              </span>
            </label>
            <input
              className=" txt-f txt-f--sm "
              id="state"
              onBlur={[Function]}
              onChange={[Function]}
              placeholder="State"
              required={true}
              type="text"
              value=""
              variant="small"
            />
            <div
              className="t--subinfo t--err m-t100"
            >
               
            </div>
          </div>
        </div>
        <div
          className="g--3 m-b300"
        >
          <div
            className="txt"
            style={Object {}}
          >
            <label
              className="txt-l txt-l--sm"
              htmlFor="zip"
            >
              Zip
              <span
                aria-hidden="true"
                className="t--req"
              >
                 
                Required
              </span>
            </label>
            <input
              className=" txt-f txt-f--sm "
              id="zip"
              onBlur={[Function]}
              onChange={[Function]}
              placeholder="Zip Code"
              required={true}
              type="text"
              value=""
              variant="small"
            />
            <div
              className="t--subinfo t--err m-t100"
            >
               
            </div>
          </div>
        </div>
      </div>
      <div
        className="txt"
        style={Object {}}
      >
        <label
          className="txt-l txt-l--sm"
          htmlFor="phone"
        >
          Phone
          <span
            aria-hidden="true"
            className="t--req"
          >
             
            Required
          </span>
        </label>
        <input
          className=" txt-f txt-f--sm "
          id="phone"
          onBlur={[Function]}
          onChange={[Function]}
          placeholder="Phone Number"
          required={true}
          type="text"
          value=""
          variant="small"
        />
        <div
          className="t--subinfo t--err m-t100"
        >
           
        </div>
      </div>
      <div
        className="txt"
        style={Object {}}
      >
        <label
          className="txt-l txt-l--sm"
          htmlFor="email"
        >
          Email
          <span
            aria-hidden="true"
            className="t--req"
          >
             
            Required
          </span>
        </label>
        <input
          className=" txt-f txt-f--sm "
          id="email"
          onBlur={[Function]}
          onChange={[Function]}
          placeholder="Email"
          required={true}
          type="text"
          value=""
          variant="small"
        />
        <div
          className="t--subinfo t--err m-t100"
        >
           
        </div>
      </div>
      <div
        className="txt"
        style={Object {}}
      >
        <label
          className="txt-l txt-l--sm"
          htmlFor="confirmEmail"
        >
          Confirm Email
          <span
            aria-hidden="true"
            className="t--req"
          >
             
            Required
          </span>
        </label>
        <input
          className=" txt-f txt-f--sm "
          id="confirmEmail"
          onBlur={[Function]}
          onChange={[Function]}
          placeholder="Confirm Email"
          required={true}
          type="text"
          value=""
          variant="small"
        />
        <div
          className="t--subinfo t--err m-t100"
        >
           
        </div>
      </div>
      <hr
        className="hr hr--sq"
      />
      <div
        className="sh m-b300"
      >
        <h2
          className="sh-title"
        >
          Education and Experience
        </h2>
      </div>
      <div
        className="txt"
        style={Object {}}
      >
        <label
          className="txt-l txt-l--sm"
          htmlFor="typeOfDegree"
        >
          Type of Degree
        </label>
        <input
          className=" txt-f txt-f--sm "
          id="typeOfDegree"
          onBlur={[Function]}
          onChange={[Function]}
          placeholder="Type of Degree"
          type="text"
          value=""
          variant="small"
        />
        <div
          className="t--subinfo t--err m-t100"
        >
           
        </div>
      </div>
      <div
        className="txt"
        style={Object {}}
      >
        <label
          className="txt-l txt-l--sm"
          htmlFor="degreeAttained"
        >
          Degree Attained
        </label>
        <input
          className=" txt-f txt-f--sm "
          id="degreeAttained"
          onBlur={[Function]}
          onChange={[Function]}
          placeholder="Degree Attained"
          type="text"
          value=""
          variant="small"
        />
        <div
          className="t--subinfo t--err m-t100"
        >
           
        </div>
      </div>
      <div
        className="txt"
        style={Object {}}
      >
        <label
          className="txt-l txt-l--sm"
          htmlFor="educationalInstitution"
        >
          Educational Institution
        </label>
        <input
          className=" txt-f txt-f--sm "
          id="educationalInstitution"
          onBlur={[Function]}
          onChange={[Function]}
          placeholder="Educational Institution"
          type="text"
          value=""
          variant="small"
        />
        <div
          className="t--subinfo t--err m-t100"
        >
           
        </div>
      </div>
      <div
        className="txt"
        style={Object {}}
      >
        <label
          className="txt-l txt-l--sm"
          htmlFor="otherInformation"
        >
          Other Information
        </label>
        <input
          className=" txt-f txt-f--sm "
          id="otherInformation"
          onBlur={[Function]}
          onChange={[Function]}
          placeholder="Other Information"
          type="text"
          value=""
          variant="small"
        />
        <div
          className="t--subinfo t--err m-t100"
        >
           
        </div>
      </div>
      <hr
        className="hr hr--sq"
      />
      <div
        className="sh m-b300"
      >
        <h2
          className="sh-title"
        >
          Boards and Commissions
        </h2>
      </div>
      <p
        className="m-b500"
      >
        Please note that many of these Boards and Commissions require City of Boston residency.
      </p>
      <div
        className="sh m-b300 sh--sm"
      >
        <h3
          className="sh-title"
        >
          Boards and Commissions with open positions
        </h3>
      </div>
      <ul
        style={
          Object {
            "margin": 0,
            "padding": 0,
          }
        }
      />
      <p
        className="t--subinfo t--err"
        style={
          Object {
            "color": "#fb4d42",
            "marginTop": "-0.5em",
          }
        }
      />
      <hr
        className="hr hr--sq"
      />
      <div
        className="sh m-b300 sh--sm"
      >
        <h3
          className="sh-title"
        >
          Boards and Commissions without open positions
        </h3>
      </div>
      <p>
        You can still apply for a board or commission that does not currently have any open positions, and we will review your application when a seat opens.
      </p>
      <ul
        style={
          Object {
            "margin": 0,
            "padding": 0,
          }
        }
      />
      <p
        className="t--subinfo t--err"
        style={
          Object {
            "color": "#fb4d42",
            "marginTop": "-0.5em",
          }
        }
      />
      <hr
        className="hr hr--sq"
      />
      <div
        className="sh m-b300"
      >
        <h2
          className="sh-title"
        >
          Reference Information
        </h2>
      </div>
      <p>
        Files must be in PDF format, and under 28MB in size.
      </p>
      <div
        className="txt m-b300 css-1mxs0p5"
      >
        <input
          accept="application/pdf"
          className="css-1dv1kvn"
          id="FileInput-coverLetter"
          name="coverLetter"
          onBlur={[Function]}
          onChange={[Function]}
          onFocus={[Function]}
          type="file"
        />
        <label
          className="btn btn--sm btn--100 false"
          htmlFor="FileInput-coverLetter"
          style={
            Object {
              "whiteSpace": "nowrap",
            }
          }
        >
          Choose 
          Cover Letter
           file
        </label>
        <div
          className="css-pnlt3a"
        >
          <span>
            No file selected
          </span>
        </div>
      </div>
      <div
        className="txt m-b300 css-1mxs0p5"
      >
        <input
          accept="application/pdf"
          className="css-1dv1kvn"
          id="FileInput-resume"
          name="resume"
          onBlur={[Function]}
          onChange={[Function]}
          onFocus={[Function]}
          type="file"
        />
        <label
          className="btn btn--sm btn--100 false"
          htmlFor="FileInput-resume"
          style={
            Object {
              "whiteSpace": "nowrap",
            }
          }
        >
          Choose 
          Resumé
           file
        </label>
        <div
          className="css-pnlt3a"
        >
          <span>
            No file selected
          </span>
        </div>
      </div>
      <hr
        className="hr hr--sq"
      />
      <div
        className="sh m-b300"
      >
        <h2
          className="sh-title"
        >
          Comments
        </h2>
      </div>
      <div
        className="txt"
      >
        <textarea
          aria-label="Additional Comments"
          className="txt-f txt-f--sm  "
          id="FeedbackForm-comments"
          name="comments"
          onBlur={[Function]}
          onChange={[Function]}
          placeholder="Other Comments You Would Like Us to Know."
          rows={10}
          value=""
        />
      </div>
      <p>
        Please note that many Boards and Commissions require specifically prescribed qualifications for members. You should familiarize yourself with the Enabling Legislation before applying.
      </p>
      <button
        className="btn btn--700"
        type="submit"
      >
        Submit Application
      </button>
    </form>
  </div>
</div>
`;
