// Jest Snapshot v1, https://goo.gl/fbAQLP

exports[`Storyshots IndexPage default 1`] = `
Array [
  <div
    className="css-1gni7w7 p-a200"
  >
    <h1
      className="css-e3scnp"
    >
      Access Boston
    </h1>
    <div
      className="css-n9ftlz"
    >
      <span
        style={
          Object {
            "marginRight": "1em",
          }
        }
      >
        CON01234
      </span>
      <form
        action="/logout"
        method="POST"
      >
        <input
          name="crumb"
          type="hidden"
          value=""
        />
        <button
          className="btn btn--sm btn--100"
        >
          Logout
        </button>
      </form>
    </div>
  </div>,
  <div
    className="mn"
  >
    <div
      className="b b-c"
    >
      <div
        className="m-b500"
      >
        <div
          className="sh"
        >
          <h2
            className="sh-title"
          >
            Financial Software
          </h2>
        </div>
        <div
          className="g"
        >
          <a
            className="lwi m-t200 g--3 g--3--sl"
            href="#"
          >
            <span
              className="lwi-ic"
            >
              <img
                alt=""
                className="lwi-i"
                src="https://patterns.boston.gov/images/b-dark.svg"
              />
            </span>
            <span
              className="lwi-t"
            >
              BAIS FN
            </span>
          </a>
          <a
            className="lwi m-t200 g--3 g--3--sl"
            href="#"
          >
            <span
              className="lwi-ic"
            >
              <img
                alt=""
                className="lwi-i"
                src="https://patterns.boston.gov/images/b-dark.svg"
              />
            </span>
            <span
              className="lwi-t"
            >
              BAIS HCM
            </span>
          </a>
        </div>
      </div>
      <div
        className="g"
      >
        <div
          className="m-b500 g--6"
        >
          <div
            className="sh"
          >
            <h2
              className="sh-title"
            >
              Employee Tools
            </h2>
          </div>
          <div
            className="t--subinfo p-a200 m-v300"
          >
            Is there an app that you need access to that’s not shown here? Fill out the
             
            <a
              href="#"
            >
              request access form
            </a>
            .
          </div>
          <ul
            className="ul m-v500"
          >
            <li>
              <a
                className="p-a300 css-v7ibj3"
                href="#"
              >
                <div
                  className="t--info"
                  style={
                    Object {
                      "color": "inherit",
                    }
                  }
                >
                  The Hub
                </div>
                <div
                  style={
                    Object {
                      "color": "#091f2f",
                    }
                  }
                >
                  Employee directory and other information for employees.
                </div>
              </a>
            </li>
            <li>
              <a
                className="p-a300 css-v7ibj3"
                href="#"
              >
                <div
                  className="t--info"
                  style={
                    Object {
                      "color": "inherit",
                    }
                  }
                >
                  Building Maintenance Form
                </div>
                <div
                  style={
                    Object {
                      "color": "#091f2f",
                    }
                  }
                >
                  Report a maintenance problem with a City building.
                </div>
              </a>
            </li>
            <li>
              <a
                className="p-a300 css-v7ibj3"
                href="#"
              >
                <div
                  className="t--info"
                  style={
                    Object {
                      "color": "inherit",
                    }
                  }
                >
                  ESS
                </div>
                <div
                  style={
                    Object {
                      "color": "#091f2f",
                    }
                  }
                >
                  
                </div>
              </a>
            </li>
            <li>
              <a
                className="p-a300 css-v7ibj3"
                href="#"
              >
                <div
                  className="t--info"
                  style={
                    Object {
                      "color": "inherit",
                    }
                  }
                >
                  Employee Connect
                </div>
                <div
                  style={
                    Object {
                      "color": "#091f2f",
                    }
                  }
                >
                  
                </div>
              </a>
            </li>
            <li>
              <a
                className="p-a300 css-v7ibj3"
                href="#"
              >
                <div
                  className="t--info"
                  style={
                    Object {
                      "color": "inherit",
                    }
                  }
                >
                  My Learning Plan
                </div>
                <div
                  style={
                    Object {
                      "color": "#091f2f",
                    }
                  }
                >
                  
                </div>
              </a>
            </li>
          </ul>
        </div>
      </div>
    </div>
  </div>,
]
`;
