// Jest Snapshot v1, https://goo.gl/fbAQLP

exports[`Storyshots IndexPage default 1`] = `
Array [
  <div
    className="css-1gni7w7 p-a200"
  >
    <h1
      className="css-e3scnp"
    >
      AccessBoston
    </h1>
    <div
      className="css-n9ftlz"
    >
      <span
        style={
          Object {
            "marginRight": "1em",
          }
        }
      >
        CON01234
      </span>
      <form
        action="/logout"
        method="POST"
      >
        <input
          name="crumb"
          type="hidden"
          value=""
        />
        <button
          className="btn btn--sm btn--100"
        >
          Logout
        </button>
      </form>
    </div>
  </div>,
  <div
    className="mn"
  >
    <div
      className="b b-c"
    >
      <div
        className="g"
      >
        <div
          className="g--8"
        >
          <div
            className="m-b500"
          >
            <div
              className="sh"
            >
              <h2
                className="sh-title"
              >
                Employee Tools
              </h2>
            </div>
            <ul
              className="ul"
            >
              <li>
                <a
                  className="p-a300 css-v7ibj3"
                  href="#"
                >
                  <div
                    className="t--sans tt-u"
                  >
                    The Hub
                  </div>
                  <div
                    style={
                      Object {
                        "color": "#091f2f",
                      }
                    }
                  >
                    Employee directory and other information for employees.
                  </div>
                </a>
              </li>
              <li>
                <a
                  className="p-a300 css-v7ibj3"
                  href="#"
                >
                  <div
                    className="t--sans tt-u"
                  >
                    Building Maintenance Form
                  </div>
                  <div
                    style={
                      Object {
                        "color": "#091f2f",
                      }
                    }
                  >
                    Report a maintenance problem with a City building.
                  </div>
                </a>
              </li>
              <li>
                <a
                  className="p-a300 css-v7ibj3"
                  href="#"
                >
                  <div
                    className="t--sans tt-u"
                  >
                    ESS
                  </div>
                  <div
                    style={
                      Object {
                        "color": "#091f2f",
                      }
                    }
                  >
                    
                  </div>
                </a>
              </li>
              <li>
                <a
                  className="p-a300 css-v7ibj3"
                  href="#"
                >
                  <div
                    className="t--sans tt-u"
                  >
                    Employee Connect
                  </div>
                  <div
                    style={
                      Object {
                        "color": "#091f2f",
                      }
                    }
                  >
                    
                  </div>
                </a>
              </li>
              <li>
                <a
                  className="p-a300 css-v7ibj3"
                  href="#"
                >
                  <div
                    className="t--sans tt-u"
                  >
                    My Learning Plan
                  </div>
                  <div
                    style={
                      Object {
                        "color": "#091f2f",
                      }
                    }
                  >
                    
                  </div>
                </a>
              </li>
            </ul>
          </div>
          <div
            className="m-b500"
          >
            <div
              className="sh"
            >
              <h2
                className="sh-title"
              >
                Financial Software
              </h2>
            </div>
            <ul
              className="ul"
            >
              <li>
                <a
                  className="p-a300 css-v7ibj3"
                  href="#"
                >
                  <div
                    className="t--sans tt-u"
                  >
                    BAIS FN
                  </div>
                  <div
                    style={
                      Object {
                        "color": "#091f2f",
                      }
                    }
                  >
                    
                  </div>
                </a>
              </li>
              <li>
                <a
                  className="p-a300 css-v7ibj3"
                  href="#"
                >
                  <div
                    className="t--sans tt-u"
                  >
                    BAIS HCM
                  </div>
                  <div
                    style={
                      Object {
                        "color": "#091f2f",
                      }
                    }
                  >
                    
                  </div>
                </a>
              </li>
            </ul>
          </div>
        </div>
        <div
          className="g--4"
        >
          <div
            className="p-a200"
            style={
              Object {
                "backgroundColor": "#f3f3f3",
              }
            }
          >
            <h2
              className="css-xizy1b m-b200"
            >
              Account Tools
            </h2>
            <ul
              className="ul"
            >
              <li>
                <a
                  href="#"
                >
                  Change password
                </a>
              </li>
              <li>
                <a
                  href="#"
                >
                  Manage device
                </a>
              </li>
            </ul>
          </div>
          <div
            className="t--subinfo p-a200 m-v300"
          >
            Is there an app that you need access to that’s not shown here? Fill out the
             
            <a
              href="#"
            >
              request access form
            </a>
            .
          </div>
        </div>
      </div>
    </div>
  </div>,
]
`;
