// Jest Snapshot v1, https://goo.gl/fbAQLP

exports[`choose page rendering 1`] = `
<div
  className={
    Object {
      "data-css-19tfmgz": "",
    }
  }
>
  <div
    className=" br br-t400 br--y css-1aypqv0"
    style={
      Object {
        "maxWidth": 800,
      }
    }
  >
    <div>
      <div
        className="p-a300 p-a800--xl"
        style={
          Object {
            "paddingBottom": ".75rem",
          }
        }
      >
        <div
          className="sh sh--y"
        >
          <h1
            className="sh-title"
          >
            BOS:311 — Choose a Service
          </h1>
        </div>
        <div
          className="m-v500 t--intro"
        >
          “
          Thanos is attacking
          ”
        </div>
      </div>
      <div
        className="b b--g p-a300 p-a800--xl"
      >
        <div>
          <div
            className="t--info"
          >
            Matching your request to BOS:311 services…
          </div>
          <div
            className="p-a300 g css-rdsogp"
          >
            <div
              className="g--4 css-19eoixt"
            >
              <span
                className="css-17mox4x"
              >
                <svg
                  className={
                    Object {
                      "data-css-1acy7qc": "",
                    }
                  }
                  dangerouslySetInnerHTML={
                    Object {
                      "__html": "<use xlink:href=\\"/static/img/svg/loading-icons.svg#311_icons_general_lighting_request\\" height=\\"100%\\"></use>",
                    }
                  }
                  role="img"
                />
              </span>
            </div>
            <div
              className="g--4 css-19eoixt"
            >
              <span
                className="css-17mox4x"
              >
                <svg
                  className={
                    Object {
                      "data-css-1acy7qc": "",
                    }
                  }
                  dangerouslySetInnerHTML={
                    Object {
                      "__html": "<use xlink:href=\\"/static/img/svg/loading-icons.svg#311_icons_general_lighting_request\\" height=\\"100%\\"></use>",
                    }
                  }
                  role="img"
                />
              </span>
            </div>
            <div
              className="g--4 css-19eoixt"
            >
              <span
                className="css-17mox4x"
              >
                <svg
                  className={
                    Object {
                      "data-css-1acy7qc": "",
                    }
                  }
                  dangerouslySetInnerHTML={
                    Object {
                      "__html": "<use xlink:href=\\"/static/img/svg/loading-icons.svg#311_icons_general_lighting_request\\" height=\\"100%\\"></use>",
                    }
                  }
                  role="img"
                />
              </span>
            </div>
          </div>
        </div>
      </div>
    </div>
  </div>
</div>
`;

exports[`home page rendering 1`] = `
<div
  className={
    Object {
      "data-css-19tfmgz": "",
    }
  }
>
  <div
    className=" br br-t400 br--y css-1aypqv0"
    style={Object {}}
  >
    <div>
      <div
        className="p-a300 p-a800--xl"
      >
        <div
          className="sh sh--y"
        >
          <h1
            className="sh-title"
          >
            BOS:311 — Request City Services
          </h1>
        </div>
        <div
          className="t--info m-v300"
          style={
            Object {
              "fontStyle": "normal",
            }
          }
        >
          Through BOS:311, you can request non-emergency services from the City.
        </div>
        <div
          className="g m-t500"
        >
          <form
            className="g--7 css-1vm2aiv"
            onSubmit={[Function]}
          >
            <div>
              <h2
                className="stp m-v100"
              >
                What can we help with?
              </h2>
              <div
                className="br br-a100 css-1szg2lt"
                style={
                  Object {
                    "maxHeight": 222,
                    "minHeight": 137,
                  }
                }
              >
                <textarea
                  aria-label="Description of the problem"
                  className={
                    Object {
                      "data-css-zkcm5e": "",
                    }
                  }
                  defaultValue=""
                  name="description"
                  onBlur={[Function]}
                  onFocus={[Function]}
                  onInput={[Function]}
                  placeholder=""
                  style={
                    Object {
                      "height": 137,
                    }
                  }
                />
              </div>
            </div>
            <div
              className="m-t500"
              style={
                Object {
                  "textAlign": "right",
                }
              }
            >
              <span
                style={
                  Object {
                    "position": "relative",
                  }
                }
              >
                <button
                  className="btn css-1q8b8td"
                  disabled={true}
                  type="submit"
                >
                  Start a Request
                </button>
                <span
                  onClick={[Function]}
                  role="presentation"
                  style={
                    Object {
                      "bottom": 0,
                      "left": 0,
                      "position": "absolute",
                      "right": 0,
                      "top": 0,
                    }
                  }
                />
              </span>
            </div>
          </form>
          <div
            className="g--1 m-v300 css-18t5hgw"
          >
            <div
              className="br br-a150 css-s4kbi"
            />
            <div
              className="br br-a150 t--info css-u5arvv"
            >
              or
            </div>
            <div
              className="br br-a150 css-s4kbi"
            />
          </div>
          <div
            className="g--4"
          >
            <h2
              className="a11y--h"
            >
              Popular Services
            </h2>
            <div
              className="t--info"
              style={
                Object {
                  "fontStyle": "normal",
                }
              }
            >
              You can also make a request for one of these popular services:
            </div>
            <ul
              className="ul m-v300"
            >
              <li
                className="t--info"
              >
                <a
                  className="m-v100"
                  href="/request/CSMCINC"
                  onClick={[Function]}
                >
                  Cosmic Incursion
                </a>
              </li>
            </ul>
            <div
              className="t--info"
            >
              <a
                href="/services"
                onClick={[Function]}
              >
                See all services…
              </a>
            </div>
          </div>
        </div>
      </div>
      <div
        className="b b--g p-a300 p-a800--xl css-17cwx2g"
        role="search"
        style={
          Object {
            "paddingBottom": 0,
            "paddingTop": 0,
          }
        }
      >
        <h2
          className="a11y--h"
        >
          Public Cases
        </h2>
        <div
          className="g"
        >
          <form
            acceptCharset="UTF-8"
            action="/lookup"
            className="sf sf--y sf--md g--7 m-v400"
            method="get"
            onSubmit={[Function]}
          >
            <div
              className="sf-i"
            >
              <input
                aria-label="Search field"
                className="sf-i-f"
                name="q"
                onChange={[Function]}
                onFocus={[Function]}
                placeholder="Search by case reference # or keywords…"
                type="text"
                value=""
              />
              <button
                className="sf-i-b"
                type="submit"
              >
                Search
              </button>
            </div>
          </form>
          <div
            className="g--1"
          />
          <div
            className="g--4 t--info css-12alag6"
          >
            <a
              href="/search"
              onClick={[Function]}
            >
              Browse public cases
            </a>
          </div>
        </div>
      </div>
    </div>
  </div>
</div>
`;
