// Jest Snapshot v1, https://goo.gl/fbAQLP

exports[`rendering 1`] = `
<div>
  <nav
    className="nv-s nv-s--y nv-s--sticky"
  >
    <input
      aria-hidden={true}
      className="nv-s-tr"
      id="nv-s-tr"
      type="checkbox"
    />
    <ul
      className="nv-s-l"
    >
      <li
        className="nv-s-l-i"
      >
        <label
          className="nv-s-l-b"
          htmlFor="nv-s-tr"
          type="button"
        >
          Navigation
        </label>
      </li>
      <li
        className="nv-s-l-i"
      >
        <a
          className="nv-s-l-a "
          href="/"
          onClick={[Function]}
        >
          Make a request
        </a>
      </li>
      <li
        className="nv-s-l-i"
      >
        <a
          className="nv-s-l-a "
          href="/search"
          onClick={[Function]}
        >
          Search cases
        </a>
      </li>
      <li
        className="nv-s-l-i"
      >
        <a
          className="nv-s-l-a nv-s-l-a--active"
          href="/services"
          onClick={[Function]}
        >
          All services
        </a>
      </li>
      <li
        className="nv-s-l-i"
      >
        <a
          className="nv-s-l-a "
          href="/faq"
          onClick={[Function]}
        >
          FAQ
        </a>
      </li>
    </ul>
  </nav>
  <div
    className="b b--g"
  >
    <div
      className="b-c"
    >
      <div
        className="sh sh--y"
      >
        <h1
          className="sh-title"
        >
          All BOS:311 Services
        </h1>
      </div>
      <div>
        <div
          className="dr "
        >
          <button
            aria-controls="Animals-region"
            aria-expanded={false}
            className="dr-h"
            onClick={[Function]}
            type="button"
          >
            <div
              className="dr-ic"
            >
              <svg
                viewBox="-2 8.5 18 25"
                xmlns="http://www.w3.org/2000/svg"
              >
                <path
                  className="dr-i"
                  d="M16 21L.5 33.2c-.6.5-1.5.4-2.2-.2-.5-.6-.4-1.6.2-2l12.6-10-12.6-10c-.6-.5-.7-1.5-.2-2s1.5-.7 2.2-.2L16 21z"
                />
              </svg>
            </div>
            <h2
              className="dr-t"
            >
              Animals
            </h2>
            <div
              className="dr-st"
            >
              Pet Ownership, Problems with Animals, Rodents & Pests
            </div>
          </button>
          <span
            id="Animals-region"
            role="region"
          />
        </div>
        <div
          className="dr "
        >
          <button
            aria-controls="Health-Safety-region"
            aria-expanded={false}
            className="dr-h"
            onClick={[Function]}
            type="button"
          >
            <div
              className="dr-ic"
            >
              <svg
                viewBox="-2 8.5 18 25"
                xmlns="http://www.w3.org/2000/svg"
              >
                <path
                  className="dr-i"
                  d="M16 21L.5 33.2c-.6.5-1.5.4-2.2-.2-.5-.6-.4-1.6.2-2l12.6-10-12.6-10c-.6-.5-.7-1.5-.2-2s1.5-.7 2.2-.2L16 21z"
                />
              </svg>
            </div>
            <h2
              className="dr-t"
            >
              Health, Safety, and Social Services
            </h2>
            <div
              className="dr-st"
            >
              Crime, Fire Prevention & Control, Healthy Living & Inspections
            </div>
          </button>
          <span
            id="Health-Safety-region"
            role="region"
          />
        </div>
        <div
          className="dr "
        >
          <button
            aria-controls="Parks-Public-region"
            aria-expanded={false}
            className="dr-h"
            onClick={[Function]}
            type="button"
          >
            <div
              className="dr-ic"
            >
              <svg
                viewBox="-2 8.5 18 25"
                xmlns="http://www.w3.org/2000/svg"
              >
                <path
                  className="dr-i"
                  d="M16 21L.5 33.2c-.6.5-1.5.4-2.2-.2-.5-.6-.4-1.6.2-2l12.6-10-12.6-10c-.6-.5-.7-1.5-.2-2s1.5-.7 2.2-.2L16 21z"
                />
              </svg>
            </div>
            <h2
              className="dr-t"
            >
              Parks and Public Space
            </h2>
            <div
              className="dr-st"
            >
              Park Maintenance, Permits, Tree Planting, Donations
            </div>
          </button>
          <span
            id="Parks-Public-region"
            role="region"
          />
        </div>
        <div
          className="dr "
        >
          <button
            aria-controls="Property-Construction-region"
            aria-expanded={false}
            className="dr-h"
            onClick={[Function]}
            type="button"
          >
            <div
              className="dr-ic"
            >
              <svg
                viewBox="-2 8.5 18 25"
                xmlns="http://www.w3.org/2000/svg"
              >
                <path
                  className="dr-i"
                  d="M16 21L.5 33.2c-.6.5-1.5.4-2.2-.2-.5-.6-.4-1.6.2-2l12.6-10-12.6-10c-.6-.5-.7-1.5-.2-2s1.5-.7 2.2-.2L16 21z"
                />
              </svg>
            </div>
            <h2
              className="dr-t"
            >
              Property, Housing and Construction
            </h2>
            <div
              className="dr-st"
            >
              Home Ownership, Renting, Inspections, Code Enforcement, Permitting, Complaints
            </div>
          </button>
          <span
            id="Property-Construction-region"
            role="region"
          />
        </div>
        <div
          className="dr "
        >
          <button
            aria-controls="Snow-region"
            aria-expanded={false}
            className="dr-h"
            onClick={[Function]}
            type="button"
          >
            <div
              className="dr-ic"
            >
              <svg
                viewBox="-2 8.5 18 25"
                xmlns="http://www.w3.org/2000/svg"
              >
                <path
                  className="dr-i"
                  d="M16 21L.5 33.2c-.6.5-1.5.4-2.2-.2-.5-.6-.4-1.6.2-2l12.6-10-12.6-10c-.6-.5-.7-1.5-.2-2s1.5-.7 2.2-.2L16 21z"
                />
              </svg>
            </div>
            <h2
              className="dr-t"
            >
              Snow or Weather Related Concerns
            </h2>
            <div
              className="dr-st"
            >
              Plowing, snow removal
            </div>
          </button>
          <span
            id="Snow-region"
            role="region"
          />
        </div>
        <div
          className="dr "
        >
          <button
            aria-controls="Streets-Sidewalks-region"
            aria-expanded={false}
            className="dr-h"
            onClick={[Function]}
            type="button"
          >
            <div
              className="dr-ic"
            >
              <svg
                viewBox="-2 8.5 18 25"
                xmlns="http://www.w3.org/2000/svg"
              >
                <path
                  className="dr-i"
                  d="M16 21L.5 33.2c-.6.5-1.5.4-2.2-.2-.5-.6-.4-1.6.2-2l12.6-10-12.6-10c-.6-.5-.7-1.5-.2-2s1.5-.7 2.2-.2L16 21z"
                />
              </svg>
            </div>
            <h2
              className="dr-t"
            >
              Streets, Sidewalks, Traffic, and Vehicles
            </h2>
            <div
              className="dr-st"
            >
              Signs & Signals, Parking, Driving, Public Transportation, Taxi Issues, Road Maintenance
            </div>
          </button>
          <span
            id="Streets-Sidewalks-region"
            role="region"
          />
        </div>
        <div
          className="dr "
        >
          <button
            aria-controls="Trash-Graffiti-region"
            aria-expanded={false}
            className="dr-h"
            onClick={[Function]}
            type="button"
          >
            <div
              className="dr-ic"
            >
              <svg
                viewBox="-2 8.5 18 25"
                xmlns="http://www.w3.org/2000/svg"
              >
                <path
                  className="dr-i"
                  d="M16 21L.5 33.2c-.6.5-1.5.4-2.2-.2-.5-.6-.4-1.6.2-2l12.6-10-12.6-10c-.6-.5-.7-1.5-.2-2s1.5-.7 2.2-.2L16 21z"
                />
              </svg>
            </div>
            <h2
              className="dr-t"
            >
              Trash, Recycling, and Graffiti
            </h2>
            <div
              className="dr-st"
            >
              Trash, Recycling, Graffiti, Dumping, Street Cleaning, Neighborhood Cleanup
            </div>
          </button>
          <span
            id="Trash-Graffiti-region"
            role="region"
          />
        </div>
        <div
          className="dr "
        >
          <button
            aria-controls="Other-region"
            aria-expanded={false}
            className="dr-h"
            onClick={[Function]}
            type="button"
          >
            <div
              className="dr-ic"
            >
              <svg
                viewBox="-2 8.5 18 25"
                xmlns="http://www.w3.org/2000/svg"
              >
                <path
                  className="dr-i"
                  d="M16 21L.5 33.2c-.6.5-1.5.4-2.2-.2-.5-.6-.4-1.6.2-2l12.6-10-12.6-10c-.6-.5-.7-1.5-.2-2s1.5-.7 2.2-.2L16 21z"
                />
              </svg>
            </div>
            <h2
              className="dr-t"
            >
              Other Services
            </h2>
            <div
              className="dr-st"
            >
              General service requests that don’t fit in another category
            </div>
          </button>
          <span
            id="Other-region"
            role="region"
          />
        </div>
      </div>
    </div>
  </div>
</div>
`;
