// Jest Snapshot v1, https://goo.gl/fbAQLP

exports[`rendering results loaded 1`] = `
<div>
  <div
    className="p-a500 g br br-t400 br--y css-zsl5qt"
  >
    <form
      acceptCharset="UTF-8"
      action="/lookup"
      className="sf sf--y sf--md g--5"
      method="get"
      onSubmit={[Function]}
    >
      <div
        className="sf-i"
      >
        <input
          className="sf-i-f"
          name="q"
          onChange={[Function]}
          placeholder="Search by case ID or keywords…"
          type="text"
          value=""
        />
        <button
          className="sf-i-b"
        >
          Search
        </button>
      </div>
    </form>
    <div
      className="g--2 ta-c"
    >
      <span
        className="css-1ft9ufz br br-a200"
      >
        or
      </span>
    </div>
    <div
      className="g--5"
    >
      <div
        className="t--sans t--upper"
      >
        <a
          href="javascript:void(0)"
          onClick={[Function]}
        >
          Browse public reports
        </a>
      </div>
      <div
        style={
          Object {
            "color": "#828282",
            "fontStyle": "italic",
          }
        }
      >
        1 cases in this area in the past 24 hours
      </div>
    </div>
  </div>
</div>
`;

exports[`rendering with request selected 1`] = `
<div>
  <div
    className="p-a500 g br br-t400 br--y css-zsl5qt"
  >
    <form
      acceptCharset="UTF-8"
      action="/lookup"
      className="sf sf--y sf--md g--5"
      method="get"
      onSubmit={[Function]}
    >
      <div
        className="sf-i"
      >
        <input
          className="sf-i-f"
          name="q"
          onChange={[Function]}
          placeholder="Search by case ID or keywords…"
          type="text"
          value=""
        />
        <button
          className="sf-i-b"
        >
          Search
        </button>
      </div>
    </form>
    <div
      className="g--2 ta-c"
    >
      <span
        className="css-1ft9ufz br br-a200"
      >
        or
      </span>
    </div>
    <div
      className="g--5"
    >
      <div
        className="t--sans t--upper"
      >
        <a
          href="javascript:void(0)"
          onClick={[Function]}
        >
          Browse public reports
        </a>
      </div>
      <div
        style={
          Object {
            "color": "#828282",
            "fontStyle": "italic",
          }
        }
      >
        1 cases in this area in the past 24 hours
      </div>
    </div>
  </div>
</div>
`;
